> deshan <- read.csv("/home/deshan/Desktop/des.csv")

> attributes(deshan)

            #result----------------------------------------------> 

$names
[1] "mpg"          "cylinders"    "displacement" "horsepower"  
[5] "weight"       "acceleration" "modelyear"    "origin"      
[9] "carname"     

$class
[1] "data.frame"

$row.names
  [1]   1   2   3   4   5   6   7   8   9  10  11  12  13  14  15  16  17
 [18]  18  19  20  21  22  23  24  25  26  27  28  29  30  31  32  33  34
 [35]  35  36  37  38  39  40  41  42  43  44  45  46  47  48  49  50  51
 [52]  52  53  54  55  56  57  58  59  60  61  62  63  64  65  66  67  68
 [69]  69  70  71  72  73  74  75  76  77  78  79  80  81  82  83  84  85
 [86]  86  87  88  89  90  91  92  93  94  95  96  97  98  99 100 101 102
[103] 103 104 105 106 107 108 109 110 111 112 113 114 115 116 117 118 119
[120] 120 121 122 123 124 125 126 127 128 129 130 131 132 133 134 135 136
[137] 137 138 139 140 141 142 143 144 145 146 147 148 149 150 151 152 153
[154] 154 155 156 157 158 159 160 161 162 163 164 165 166 167 168 169 170
[171] 171 172 173 174 175 176 177 178 179 180 181 182 183 184 185 186 187
[188] 188 189 190 191 192 193 194 195 196 197 198 199 200 201 202 203 204
[205] 205 206 207 208 209 210 211 212 213 214 215 216 217 218 219 220 221
[222] 222 223 224 225 226 227 228 229 230 231 232 233 234 235 236 237 238
[239] 239 240 241 242 243 244 245 246 247 248 249 250 251 252 253 254 255
[256] 256 257 258 259 260 261 262 263 264 265 266 267 268 269 270 271 272
[273] 273 274 275 276 277 278 279 280 281 282 283 284 285 286 287 288 289
[290] 290 291 292 293 294 295 296 297 298 299 300 301 302 303 304 305 306
[307] 307 308 309 310 311 312 313 314 315 316 317 318 319 320 321 322 323
[324] 324 325 326 327 328 329 330 331 332 333 334 335 336 337 338 339 340
[341] 341 342 343 344 345 346 347 348 349 350 351 352 353 354 355 356 357
[358] 358 359 360 361 362 363 364 365 366 367 368 369 370 371 372 373 374
[375] 375 376 377 378 379 380 381 382 383 384 385 386 387 388 389 390 391
[392] 392 393 394 395 396 397 398 399 400 401 402 403 404 405 406

>set.seed(1234)
> ind<-sample(2,nrow(deshan),replace = TRUE,prob = c(0.7,0.3))
> deshan.train<-deshan[ind==1,]
> deshan.test<-deshan[ind==2,]

 # train decision tree
 
> library(rpart)
> myformula <- mpg ~cylinders+displacement+horsepower+weight+acceleration+modelyear+origin
> deshan.rpart<- rpart(myformula,data =deshan.train, control=rpart.control(minsplit = 10))

> attributes(deshan.rpart)

                  #result----------------------------------------------> 

$names
 [1] "frame"               "where"               "call"                "terms"               "cptable"            
 [6] "method"              "parms"               "control"             "functions"           "numresp"            
[11] "splits"              "variable.importance" "y"                   "ordered"            

$xlevels
named list()

$class
[1] "rpart"

> print(deshan.rpart)

  #result---------------------------------------------->  

n= 288 

node), split, n, deviance, yval
      * denotes terminal node

 1) root 288 16732.75000 22.87847  
   2) displacement>=162 141  1774.31200 16.75177  
     4) horsepower>=127 76   595.93420 14.61842 *
     5) horsepower< 127 65   428.06150 19.24615 *
   3) displacement< 162 147  4589.18400 28.75510  
     6) horsepower>=84.5 60  1281.60000 25.20000  
      12) modelyear< 78.5 38   282.00000 23.00000 *
      13) modelyear>=78.5 22   498.00000 29.00000  
        26) weight>=2580 14    83.50000 26.50000 *
        27) weight< 2580 8   173.87500 33.37500 *
     7) horsepower< 84.5 87  2026.27600 31.20690  
      14) modelyear< 76.5 32   345.71880 27.59375  
        28) weight>=2091 15    65.73333 25.13333 *
        29) weight< 2091 17   109.05880 29.76471 *
      15) modelyear>=76.5 55  1019.74500 33.30909  
        30) horsepower>=70.5 27   316.96300 31.03704 *
        31) horsepower< 70.5 28   429.00000 35.50000 *

> table(predict(deshan.rpart), deshan.train$mpg)
                  
         #result----------------------------------------------> 
                    9 10 11 12 13 14 15 16 17 18 19 20 21 22 23 24 25 26 27 28 29 30 31 32 33 34 35 36 37 38 39 40 41
  14.6184210526316  1  2  3  5 16 18 12  6  4  3  1  1  0  0  4  0  0  0  0  0  0  0  0  0  0  0  0  0  0  0  0  0  0
  19.2461538461538  0  0  0  0  0  0  4  4  5 15 12  9  5  5  2  1  1  1  0  1  0  0  0  0  0  0  0  0  0  0  0  0  0
  23                0  0  0  0  0  0  0  0  0  2  3  4  3  2  6  7  5  1  3  2  0  0  0  0  0  0  0  0  0  0  0  0  0
  25.1333333333333  0  0  0  0  0  0  0  0  0  0  0  0  0  2  2  2  2  4  0  2  1  0  0  0  0  0  0  0  0  0  0  0  0
  26.5              0  0  0  0  0  0  0  0  0  0  0  0  0  0  2  2  1  1  3  3  1  0  0  1  0  0  0  0  0  0  0  0  0
  29.7647058823529  0  0  0  0  0  0  0  0  0  0  0  0  0  0  0  0  0  3  1  0  5  1  2  3  1  0  1  0  0  0  0  0  0
  31.037037037037   0  0  0  0  0  0  0  0  0  0  0  0  0  0  0  0  0  2  3  2  2  3  4  3  3  1  1  2  0  0  0  0  1
  33.375            0  0  0  0  0  0  0  0  0  0  0  0  0  0  1  0  0  0  0  0  0  0  1  0  1  2  1  0  1  0  0  1  0
  35.5              0  0  0  0  0  0  0  0  0  0  0  0  0  0  0  0  0  0  0  0  2  1  2  2  1  4  1  5  2  3  2  0  0
                  
                   43 44
  14.6184210526316  0  0
  19.2461538461538  0  0
  23                0  0
  25.1333333333333  0  0
  26.5              0  0
  29.7647058823529  0  0
  31.037037037037   0  0
  33.375            0  0
  35.5              2  1


> plot(deshan.rpart)
> text(deshan.rpart)

> opt <- which.min(deshan.rpart$cptable[,"xerror"])
> cp <- deshan.rpart$cptable[opt, "CP"]
> deshan_prune <- prune(deshan.rpart ,cp=cp)
> print(deshan_prune)

  #result----------------------------------------------> 
n= 288 

node), split, n, deviance, yval
      * denotes terminal node

 1) root 288 16732.7500 22.87847  
   2) displacement>=162 141  1774.3120 16.75177  
     4) horsepower>=127 76   595.9342 14.61842 *
     5) horsepower< 127 65   428.0615 19.24615 *
   3) displacement< 162 147  4589.1840 28.75510  
     6) horsepower>=84.5 60  1281.6000 25.20000  
      12) modelyear< 78.5 38   282.0000 23.00000 *
      13) modelyear>=78.5 22   498.0000 29.00000  
        26) weight>=2580 14    83.5000 26.50000 *
        27) weight< 2580 8   173.8750 33.37500 *
     7) horsepower< 84.5 87  2026.2760 31.20690  
      14) modelyear< 76.5 32   345.7188 27.59375 *
      15) modelyear>=76.5 55  1019.7450 33.30909  
        30) horsepower>=70.5 27   316.9630 31.03704 *
        31) horsepower< 70.5 28   429.0000 35.50000 *
> plot(deshan_prune)
> text(deshan_prune)

> table(deshan_pred, deshan.test$mpg)

  #result---------------------------------------------->                

deshan_pred        11 12 13 14 15 16 17 18 19 20 21 22 23 24 25 26 27 28 29 30 31 32 33 34 36 37 38 39 40 44 46
  14.6184210526316  1  1  4  2  4  6  4  2  1  0  0  0  1  0  0  0  0  0  0  0  0  1  0  0  0  0  0  0  0  0  0
  19.2461538461538  0  0  0  0  1  2  2  2  1  4  0  1  2  0  2  1  0  0  0  0  0  0  0  0  0  0  1  0  0  0  0
  23                0  0  0  0  0  0  0  0  2  2  4  2  2  1  4  2  2  2  0  0  0  0  0  0  0  0  0  0  0  0  0
  25.1333333333333  0  0  0  0  0  0  0  0  0  0  1  0  1  1  2  2  1  1  1  0  0  0  0  0  0  0  0  0  0  0  0
  26.5              0  0  0  0  0  0  0  0  0  0  0  1  1  1  0  1  2  0  0  0  0  1  0  0  0  0  0  0  0  0  0
  29.7647058823529  0  0  0  0  0  0  0  0  0  0  0  0  1  0  0  1  0  0  0  1  2  0  1  0  0  0  0  0  0  0  0
  31.037037037037   0  0  0  0  0  0  0  0  0  0  0  0  0  0  0  0  0  0  0  2  1  1  0  0  1  0  0  0  0  0  0
  33.375            0  0  0  0  0  0  0  0  0  0  0  0  0  0  0  0  0  0  0  0  0  0  0  0  1  0  0  0  0  0  0
  35.5              0  0  0  0  0  0  0  0  0  0  0  0  0  0  0  0  0  0  1  3  1  2  1  3  0  3  1  1  1  2  1

> deshan_pred <- predict(deshan_prune,newdata = deshan.test)
> xlim <- range(deshan$mpg)
> plot(deshan_pred ~ mpg,data= deshan.test , xlab="OBSERVED" ,ylab = "PREDICTED" ,ylim = xlim ,xlim = xlim )
> abline(a=0  ,b=1)





#####################################################################################################################################
> deshan <- read.csv("/home/deshan/Desktop/des.csv")

> set.seed(1234)
> ind<-sample(2,nrow(deshan),replace = TRUE,prob = c(0.7,0.3))
> trainData<-deshan[ind==1,]
> testData<-deshan[ind==2,]

> library(party)

> myformula <- mpg ~cylinders+displacement+horsepower+weight+acceleration+modelyear+origin

> deshan_ctree <- ctree(myformula, data=trainData)
> table(predict(deshan_ctree), trainData$mpg)

                    9 10 11 12 13 14 15 16 17 18 19 20 21 22 23 24 25 26 27 28 29 30 31 32 33 34 35 36 37 38 39 40 41
  12.7666666666667  1  2  2  5  9 10  1  0  0  0  0  0  0  0  0  0  0  0  0  0  0  0  0  0  0  0  0  0  0  0  0  0  0
  15.25             0  0  0  0  0  1  4  3  0  0  0  0  0  0  0  0  0  0  0  0  0  0  0  0  0  0  0  0  0  0  0  0  0
  16.5932203389831  0  0  1  0  7  7 11  5  6 10  5  1  0  1  5  0  0  0  0  0  0  0  0  0  0  0  0  0  0  0  0  0  0
  18.3333333333333  0  0  0  0  0  0  0  2  1  3  3  3  0  0  0  0  0  0  0  0  0  0  0  0  0  0  0  0  0  0  0  0  0
  19.5              0  0  0  0  0  0  0  0  1  1  4  4  1  1  0  0  0  0  0  0  0  0  0  0  0  0  0  0  0  0  0  0  0
  20.2666666666667  0  0  0  0  0  0  0  0  0  5  1  2  2  2  3  0  0  0  0  0  0  0  0  0  0  0  0  0  0  0  0  0  0
  23.5              0  0  0  0  0  0  0  0  0  0  0  1  0  1  2  2  1  0  1  0  0  0  0  0  0  0  0  0  0  0  0  0  0
  24.1555555555556  0  0  0  0  0  0  0  0  0  1  2  2  4  4  3  9  6  6  1  4  1  2  0  0  0  0  0  0  0  0  0  0  0
  25.1              0  0  0  0  0  0  0  0  1  0  1  1  0  0  1  1  0  0  2  1  0  1  0  0  0  0  0  1  0  0  0  0  0
  27.9259259259259  0  0  0  0  0  0  0  0  0  0  0  0  1  0  3  0  2  3  4  5  2  0  3  1  1  0  1  0  1  0  0  0  0
  30.3636363636364  0  0  0  0  0  0  0  0  0  0  0  0  0  0  0  0  0  3  1  0  6  1  3  3  3  0  1  1  0  0  0  0  0
  34.975            0  0  0  0  0  0  0  0  0  0  0  0  0  0  0  0  0  0  1  0  2  1  3  5  2  7  2  5  2  3  2  1  1
                  
                   43 44
  12.7666666666667  0  0
  15.25             0  0
  16.5932203389831  0  0
  18.3333333333333  0  0
  19.5              0  0
  20.2666666666667  0  0
  23.5              0  0
  24.1555555555556  0  0
  25.1              0  0
  27.9259259259259  0  0
  30.3636363636364  0  0
  34.975            2  1

> plot(deshan_ctree)  
>plot (deshan_ctree, type="simple")


> testPred <- predict(deshan_ctree, newdata = testData)
> table(testPred, testData$mpg)

testPred           11 12 13 14 15 16 17 18 19 20 21 22 23 24 25 26 27 28 29 30 31 32 33 34 36 37 38 39 40 44 46
  12.7666666666667  1  1  2  1  0  1  0  0  0  0  0  0  1  0  0  0  0  0  0  0  0  0  0  0  0  0  0  0  0  0  0
  15.25             0  0  0  1  0  4  1  0  0  0  0  0  0  0  0  0  0  0  0  0  0  0  0  0  0  0  0  0  0  0  0
  16.5932203389831  0  0  2  0  5  2  4  3  1  1  0  0  1  0  0  1  0  0  0  0  0  0  0  0  0  0  1  0  0  0  0
  18.3333333333333  0  0  0  0  0  0  0  1  0  0  0  1  0  0  0  0  0  0  0  0  0  0  0  0  0  0  0  0  0  0  0
  19.5              0  0  0  0  0  1  1  0  0  2  0  0  0  0  0  0  0  0  0  0  0  0  0  0  0  0  0  0  0  0  0
  20.2666666666667  0  0  0  0  0  0  0  0  2  1  2  2  0  0  0  0  0  0  0  0  0  0  0  0  0  0  0  0  0  0  0
  23.5              0  0  0  0  0  0  0  0  0  0  0  1  1  1  1  1  1  0  0  0  0  1  0  0  0  0  0  0  0  0  0
  24.1555555555556  0  0  0  0  0  0  0  0  1  1  3  0  3  2  5  4  3  3  1  0  0  0  0  0  0  0  0  0  0  0  0
  25.1              0  0  0  0  0  0  0  0  0  1  0  0  0  0  1  0  0  0  0  1  0  0  0  0  0  0  0  0  0  0  0
  27.9259259259259  0  0  0  0  0  0  0  0  0  0  0  0  1  0  0  0  1  0  0  0  1  1  0  0  0  0  0  0  0  0  0
  30.3636363636364  0  0  0  0  0  0  0  0  0  0  0  0  1  0  1  1  0  0  0  3  2  0  1  0  0  0  0  0  0  0  0
  34.975            0  0  0  0  0  0  0  0  0  0  0  0  0  0  0  0  0  0  1  2  1  3  1  3  2  3  1  1  1  2  1

> xlim <- range(deshan$mpg)
> plot(testPred ~ mpg,data= testData , xlab="OBSERVED" ,ylab = "PREDICTED" ,ylim = xlim ,xlim = xlim )
> abline(a=0  ,b=1)

###########################################################################################################################################

> library("e1071")
> model <- naiveBayes(mpg ~ ., data = deshan.train)




